// Jest Snapshot v1, https://goo.gl/fbAQLP

exports[`<ErrorBoundary/>  should display an ErrorMessage if wrapped component throws 1`] = `
<ErrorBoundary>
  <styled.div>
    <div
      className="sc-bdfBwQ hFpCER"
    >
      <styled.div>
        <div
          className="sc-gsTCUz gfTRSZ"
        >
          Ooops...
        </div>
      </styled.div>
    </div>
  </styled.div>
</ErrorBoundary>
`;
