// Jest Snapshot v1, https://goo.gl/fbAQLP

exports[`Player Player renders correctly 1`] = `
<div
  className="player"
>
  <button
    className="playButton"
    onClick={[Function]}
  >
    PLAY
  </button>
</div>
`;
